// Jest Snapshot v1, https://goo.gl/fbAQLP

exports[`rendering App should render App correctly 1`] = `ShallowWrapper {}`;

exports[`rendering App should render chop correctly 1`] = `ShallowWrapper {}`;

exports[`rendering App should render correctly 1`] = `ShallowWrapper {}`;

exports[`rendering Components should render App correctly 1`] = `ShallowWrapper {}`;

exports[`rendering Components should render Chop correctly 1`] = `ShallowWrapper {}`;

exports[`rendering Components should render chop correctly 1`] = `ShallowWrapper {}`;
